[2026-09-23T12:12:54.554+0000] {manager.py:470} INFO - Processing files using up to 1 processes at a time 
[2026-09-23T12:12:54.556+0000] {manager.py:471} INFO - Process each file at most once every 30 seconds
[2026-09-23T12:12:54.558+0000] {manager.py:472} INFO - Checking for new files in /opt/airflow/dags every 300 seconds
[2026-09-23T12:12:54.560+0000] {manager.py:737} INFO - Searching for files in /opt/airflow/dags
[2026-09-23T12:12:54.562+0000] {manager.py:740} INFO - There are 0 files in /opt/airflow/dags
[2026-09-23T12:17:54.995+0000] {manager.py:737} INFO - Searching for files in /opt/airflow/dags
[2026-09-23T12:17:55.013+0000] {manager.py:740} INFO - There are 0 files in /opt/airflow/dags
[2026-09-23T12:22:55.562+0000] {manager.py:737} INFO - Searching for files in /opt/airflow/dags
[2026-09-23T12:22:55.583+0000] {manager.py:740} INFO - There are 0 files in /opt/airflow/dags
[2026-09-23T12:27:56.100+0000] {manager.py:737} INFO - Searching for files in /opt/airflow/dags
[2026-09-23T12:27:56.116+0000] {manager.py:740} INFO - There are 0 files in /opt/airflow/dags
[2026-09-23T12:32:56.356+0000] {manager.py:737} INFO - Searching for files in /opt/airflow/dags
[2026-09-23T12:32:56.371+0000] {manager.py:740} INFO - There are 0 files in /opt/airflow/dags
[2026-09-23T12:37:56.929+0000] {manager.py:737} INFO - Searching for files in /opt/airflow/dags
[2026-09-23T12:37:56.970+0000] {manager.py:740} INFO - There are 0 files in /opt/airflow/dags
[2026-09-23T12:42:56.972+0000] {manager.py:737} INFO - Searching for files in /opt/airflow/dags
[2026-09-23T12:42:57.014+0000] {manager.py:740} INFO - There are 1 files in /opt/airflow/dags
[2026-09-23T12:43:06.115+0000] {manager.py:878} INFO - 
================================================================================
DAG File Processing Stats

File Path                      PID    Runtime      # DAGs    # Errors  Last Runtime    Last Run
-----------------------------  -----  ---------  --------  ----------  --------------  -------------------
/opt/airflow/dags/dags_etl.py                           1           0  0.71s           2026-09-23T12:42:57
================================================================================
[2026-09-23T12:43:36.301+0000] {manager.py:878} INFO - 
================================================================================
DAG File Processing Stats

File Path                      PID    Runtime      # DAGs    # Errors  Last Runtime    Last Run
-----------------------------  -----  ---------  --------  ----------  --------------  -------------------
/opt/airflow/dags/dags_etl.py                           1           0  0.31s           2026-09-23T12:43:29
================================================================================
[2026-09-23T12:44:06.611+0000] {manager.py:878} INFO - 
================================================================================
DAG File Processing Stats

File Path                      PID    Runtime      # DAGs    # Errors  Last Runtime    Last Run
-----------------------------  -----  ---------  --------  ----------  --------------  -------------------
/opt/airflow/dags/dags_etl.py                           1           0  0.31s           2026-09-23T12:44:00
================================================================================
[2026-09-23T12:44:36.806+0000] {manager.py:878} INFO - 
================================================================================
DAG File Processing Stats

File Path                      PID    Runtime      # DAGs    # Errors  Last Runtime    Last Run
-----------------------------  -----  ---------  --------  ----------  --------------  -------------------
/opt/airflow/dags/dags_etl.py                           1           0  0.31s           2026-09-23T12:44:31
================================================================================
[2026-09-23T12:45:14.469+0000] {manager.py:878} INFO - 
================================================================================
DAG File Processing Stats

File Path                      PID    Runtime      # DAGs    # Errors  Last Runtime    Last Run
-----------------------------  -----  ---------  --------  ----------  --------------  -------------------
/opt/airflow/dags/dags_etl.py                           1           0  0.31s           2026-09-23T12:45:01
================================================================================
[2026-09-23T12:45:44.471+0000] {manager.py:878} INFO - 
================================================================================
DAG File Processing Stats

File Path                      PID    Runtime      # DAGs    # Errors  Last Runtime    Last Run
-----------------------------  -----  ---------  --------  ----------  --------------  -------------------
/opt/airflow/dags/dags_etl.py                           1           0  0.31s           2026-09-23T12:45:32
================================================================================
[2026-09-23T12:46:14.707+0000] {manager.py:878} INFO - 
================================================================================
DAG File Processing Stats

File Path                      PID    Runtime      # DAGs    # Errors  Last Runtime    Last Run
-----------------------------  -----  ---------  --------  ----------  --------------  -------------------
/opt/airflow/dags/dags_etl.py                           1           0  0.21s           2026-09-23T12:46:03
================================================================================
[2026-09-23T12:46:44.961+0000] {manager.py:878} INFO - 
================================================================================
DAG File Processing Stats

File Path                      PID    Runtime      # DAGs    # Errors  Last Runtime    Last Run
-----------------------------  -----  ---------  --------  ----------  --------------  -------------------
/opt/airflow/dags/dags_etl.py                           1           0  0.21s           2026-09-23T12:46:34
================================================================================
[2026-09-23T12:47:15.178+0000] {manager.py:878} INFO - 
================================================================================
DAG File Processing Stats

File Path                      PID    Runtime      # DAGs    # Errors  Last Runtime    Last Run
-----------------------------  -----  ---------  --------  ----------  --------------  -------------------
/opt/airflow/dags/dags_etl.py                           1           0  0.22s           2026-09-23T12:47:05
================================================================================
[2026-09-23T12:47:45.377+0000] {manager.py:878} INFO - 
================================================================================
DAG File Processing Stats

File Path                      PID    Runtime      # DAGs    # Errors  Last Runtime    Last Run
-----------------------------  -----  ---------  --------  ----------  --------------  -------------------
/opt/airflow/dags/dags_etl.py                           1           0  0.21s           2026-09-23T12:47:35
================================================================================
[2026-09-23T12:47:57.464+0000] {manager.py:737} INFO - Searching for files in /opt/airflow/dags
[2026-09-23T12:47:57.528+0000] {manager.py:740} INFO - There are 1 files in /opt/airflow/dags
[2026-09-23T12:48:15.551+0000] {manager.py:878} INFO - 
================================================================================
DAG File Processing Stats

File Path                      PID    Runtime      # DAGs    # Errors  Last Runtime    Last Run
-----------------------------  -----  ---------  --------  ----------  --------------  -------------------
/opt/airflow/dags/dags_etl.py                           1           0  0.31s           2026-09-23T12:48:06
================================================================================
[2026-09-23T12:48:45.620+0000] {manager.py:878} INFO - 
================================================================================
DAG File Processing Stats

File Path                      PID    Runtime      # DAGs    # Errors  Last Runtime    Last Run
-----------------------------  -----  ---------  --------  ----------  --------------  -------------------
/opt/airflow/dags/dags_etl.py                           1           0  0.31s           2026-09-23T12:48:37
================================================================================
[2026-09-23T12:49:15.680+0000] {manager.py:878} INFO - 
================================================================================
DAG File Processing Stats

File Path                      PID    Runtime      # DAGs    # Errors  Last Runtime    Last Run
-----------------------------  -----  ---------  --------  ----------  --------------  -------------------
/opt/airflow/dags/dags_etl.py                           1           0  0.21s           2026-09-23T12:49:07
================================================================================
[2026-09-23T12:49:46.068+0000] {manager.py:878} INFO - 
================================================================================
DAG File Processing Stats

File Path                      PID    Runtime      # DAGs    # Errors  Last Runtime    Last Run
-----------------------------  -----  ---------  --------  ----------  --------------  -------------------
/opt/airflow/dags/dags_etl.py                           1           0  0.21s           2026-09-23T12:49:38
================================================================================
[2026-09-23T12:50:16.282+0000] {manager.py:878} INFO - 
================================================================================
DAG File Processing Stats

File Path                      PID    Runtime      # DAGs    # Errors  Last Runtime    Last Run
-----------------------------  -----  ---------  --------  ----------  --------------  -------------------
/opt/airflow/dags/dags_etl.py                           1           0  0.31s           2026-09-23T12:50:08
================================================================================
[2026-09-23T12:50:46.461+0000] {manager.py:878} INFO - 
================================================================================
DAG File Processing Stats

File Path                      PID    Runtime      # DAGs    # Errors  Last Runtime    Last Run
-----------------------------  -----  ---------  --------  ----------  --------------  -------------------
/opt/airflow/dags/dags_etl.py                           1           0  0.51s           2026-09-23T12:50:39
================================================================================
[2026-09-23T12:51:16.663+0000] {manager.py:878} INFO - 
================================================================================
DAG File Processing Stats

File Path                      PID    Runtime      # DAGs    # Errors  Last Runtime    Last Run
-----------------------------  -----  ---------  --------  ----------  --------------  -------------------
/opt/airflow/dags/dags_etl.py                           1           0  0.21s           2026-09-23T12:51:10
================================================================================
[2026-09-23T12:51:46.878+0000] {manager.py:878} INFO - 
================================================================================
DAG File Processing Stats

File Path                      PID    Runtime      # DAGs    # Errors  Last Runtime    Last Run
-----------------------------  -----  ---------  --------  ----------  --------------  -------------------
/opt/airflow/dags/dags_etl.py                           1           0  0.31s           2026-09-23T12:51:40
================================================================================
[2026-09-23T12:52:17.004+0000] {manager.py:878} INFO - 
================================================================================
DAG File Processing Stats

File Path                      PID    Runtime      # DAGs    # Errors  Last Runtime    Last Run
-----------------------------  -----  ---------  --------  ----------  --------------  -------------------
/opt/airflow/dags/dags_etl.py                           1           0  0.31s           2026-09-23T12:52:11
================================================================================
[2026-09-23T12:52:47.205+0000] {manager.py:878} INFO - 
================================================================================
DAG File Processing Stats

File Path                      PID    Runtime      # DAGs    # Errors  Last Runtime    Last Run
-----------------------------  -----  ---------  --------  ----------  --------------  -------------------
/opt/airflow/dags/dags_etl.py                           1           0  0.31s           2026-09-23T12:52:41
================================================================================
[2026-09-23T12:52:58.173+0000] {manager.py:737} INFO - Searching for files in /opt/airflow/dags
[2026-09-23T12:52:58.221+0000] {manager.py:740} INFO - There are 1 files in /opt/airflow/dags
[2026-09-23T12:53:17.409+0000] {manager.py:878} INFO - 
================================================================================
DAG File Processing Stats

File Path                      PID    Runtime      # DAGs    # Errors  Last Runtime    Last Run
-----------------------------  -----  ---------  --------  ----------  --------------  -------------------
/opt/airflow/dags/dags_etl.py                           1           0  0.31s           2026-09-23T12:53:12
================================================================================
[2026-09-23T12:53:47.613+0000] {manager.py:878} INFO - 
================================================================================
DAG File Processing Stats

File Path                      PID    Runtime      # DAGs    # Errors  Last Runtime    Last Run
-----------------------------  -----  ---------  --------  ----------  --------------  -------------------
/opt/airflow/dags/dags_etl.py                           1           0  0.21s           2026-09-23T12:53:42
================================================================================
[2026-09-23T12:54:17.724+0000] {manager.py:878} INFO - 
================================================================================
DAG File Processing Stats

File Path                      PID    Runtime      # DAGs    # Errors  Last Runtime    Last Run
-----------------------------  -----  ---------  --------  ----------  --------------  -------------------
/opt/airflow/dags/dags_etl.py                           1           0  0.31s           2026-09-23T12:54:13
================================================================================
[2026-09-23T12:54:47.925+0000] {manager.py:878} INFO - 
================================================================================
DAG File Processing Stats

File Path                      PID    Runtime      # DAGs    # Errors  Last Runtime    Last Run
-----------------------------  -----  ---------  --------  ----------  --------------  -------------------
/opt/airflow/dags/dags_etl.py                           1           0  0.21s           2026-09-23T12:54:43
================================================================================
[2026-09-23T12:55:18.132+0000] {manager.py:878} INFO - 
================================================================================
DAG File Processing Stats

File Path                      PID    Runtime      # DAGs    # Errors  Last Runtime    Last Run
-----------------------------  -----  ---------  --------  ----------  --------------  -------------------
/opt/airflow/dags/dags_etl.py                           1           0  0.21s           2026-09-23T12:55:14
================================================================================
[2026-09-23T12:55:48.316+0000] {manager.py:878} INFO - 
================================================================================
DAG File Processing Stats

File Path                      PID    Runtime      # DAGs    # Errors  Last Runtime    Last Run
-----------------------------  -----  ---------  --------  ----------  --------------  -------------------
/opt/airflow/dags/dags_etl.py                           1           0  0.31s           2026-09-23T12:55:44
================================================================================
[2026-09-23T12:56:18.517+0000] {manager.py:878} INFO - 
================================================================================
DAG File Processing Stats

File Path                      PID    Runtime      # DAGs    # Errors  Last Runtime    Last Run
-----------------------------  -----  ---------  --------  ----------  --------------  -------------------
/opt/airflow/dags/dags_etl.py                           1           0  0.31s           2026-09-23T12:56:15
================================================================================
[2026-09-23T12:56:48.744+0000] {manager.py:878} INFO - 
================================================================================
DAG File Processing Stats

File Path                      PID    Runtime      # DAGs    # Errors  Last Runtime    Last Run
-----------------------------  -----  ---------  --------  ----------  --------------  -------------------
/opt/airflow/dags/dags_etl.py                           1           0  0.21s           2026-09-23T12:56:45
================================================================================
[2026-09-23T12:57:18.935+0000] {manager.py:878} INFO - 
================================================================================
DAG File Processing Stats

File Path                      PID    Runtime      # DAGs    # Errors  Last Runtime    Last Run
-----------------------------  -----  ---------  --------  ----------  --------------  -------------------
/opt/airflow/dags/dags_etl.py                           1           0  0.21s           2026-09-23T12:57:16
================================================================================
[2026-09-23T12:57:48.970+0000] {manager.py:878} INFO - 
================================================================================
DAG File Processing Stats

File Path                      PID    Runtime      # DAGs    # Errors  Last Runtime    Last Run
-----------------------------  -----  ---------  --------  ----------  --------------  -------------------
/opt/airflow/dags/dags_etl.py                           1           0  0.21s           2026-09-23T12:57:46
================================================================================
[2026-09-23T12:57:59.053+0000] {manager.py:737} INFO - Searching for files in /opt/airflow/dags
[2026-09-23T12:57:59.098+0000] {manager.py:740} INFO - There are 1 files in /opt/airflow/dags
[2026-09-23T12:58:19.340+0000] {manager.py:878} INFO - 
================================================================================
DAG File Processing Stats

File Path                      PID    Runtime      # DAGs    # Errors  Last Runtime    Last Run
-----------------------------  -----  ---------  --------  ----------  --------------  -------------------
/opt/airflow/dags/dags_etl.py                           1           0  0.21s           2026-09-23T12:58:17
================================================================================
[2026-09-23T12:58:49.530+0000] {manager.py:878} INFO - 
================================================================================
DAG File Processing Stats

File Path                      PID    Runtime      # DAGs    # Errors  Last Runtime    Last Run
-----------------------------  -----  ---------  --------  ----------  --------------  -------------------
/opt/airflow/dags/dags_etl.py                           1           0  0.21s           2026-09-23T12:58:47
================================================================================
[2026-09-23T12:59:19.725+0000] {manager.py:878} INFO - 
================================================================================
DAG File Processing Stats

File Path                      PID    Runtime      # DAGs    # Errors  Last Runtime    Last Run
-----------------------------  -----  ---------  --------  ----------  --------------  -------------------
/opt/airflow/dags/dags_etl.py                           1           0  0.51s           2026-09-23T12:59:18
================================================================================
[2026-09-23T12:59:49.948+0000] {manager.py:878} INFO - 
================================================================================
DAG File Processing Stats

File Path                      PID    Runtime      # DAGs    # Errors  Last Runtime    Last Run
-----------------------------  -----  ---------  --------  ----------  --------------  -------------------
/opt/airflow/dags/dags_etl.py                           1           0  0.31s           2026-09-23T12:59:49
================================================================================
[2026-09-23T13:00:20.161+0000] {manager.py:878} INFO - 
================================================================================
DAG File Processing Stats

File Path                      PID    Runtime      # DAGs    # Errors  Last Runtime    Last Run
-----------------------------  -----  ---------  --------  ----------  --------------  -------------------
/opt/airflow/dags/dags_etl.py                           1           0  0.31s           2026-09-23T13:00:19
================================================================================
[2026-09-23T13:00:50.397+0000] {manager.py:878} INFO - 
================================================================================
DAG File Processing Stats

File Path                      PID    Runtime      # DAGs    # Errors  Last Runtime    Last Run
-----------------------------  -----  ---------  --------  ----------  --------------  -------------------
/opt/airflow/dags/dags_etl.py                           1           0  0.21s           2026-09-23T13:00:50
================================================================================
[2026-09-23T13:01:20.472+0000] {manager.py:878} INFO - 
================================================================================
DAG File Processing Stats

File Path                      PID    Runtime      # DAGs    # Errors  Last Runtime    Last Run
-----------------------------  -----  ---------  --------  ----------  --------------  -------------------
/opt/airflow/dags/dags_etl.py                           1           0  0.21s           2026-09-23T13:01:20
================================================================================
[2026-09-23T13:01:50.951+0000] {manager.py:878} INFO - 
================================================================================
DAG File Processing Stats

File Path                      PID    Runtime      # DAGs    # Errors  Last Runtime    Last Run
-----------------------------  -----  ---------  --------  ----------  --------------  -------------------
/opt/airflow/dags/dags_etl.py                           1           0  0.22s           2026-09-23T13:01:50
================================================================================
[2026-09-23T13:02:21.352+0000] {manager.py:878} INFO - 
================================================================================
DAG File Processing Stats

File Path                      PID    Runtime      # DAGs    # Errors  Last Runtime    Last Run
-----------------------------  -----  ---------  --------  ----------  --------------  -------------------
/opt/airflow/dags/dags_etl.py                           1           0  0.21s           2026-09-23T13:02:21
================================================================================
[2026-09-23T13:02:51.724+0000] {manager.py:878} INFO - 
================================================================================
DAG File Processing Stats

File Path                      PID    Runtime      # DAGs    # Errors  Last Runtime    Last Run
-----------------------------  -----  ---------  --------  ----------  --------------  -------------------
/opt/airflow/dags/dags_etl.py                           1           0  0.21s           2026-09-23T13:02:51
================================================================================
[2026-09-23T13:02:59.868+0000] {manager.py:737} INFO - Searching for files in /opt/airflow/dags
[2026-09-23T13:02:59.915+0000] {manager.py:740} INFO - There are 1 files in /opt/airflow/dags
[2026-09-23T13:03:22.122+0000] {manager.py:878} INFO - 
================================================================================
DAG File Processing Stats

File Path                      PID    Runtime      # DAGs    # Errors  Last Runtime    Last Run
-----------------------------  -----  ---------  --------  ----------  --------------  -------------------
/opt/airflow/dags/dags_etl.py                           1           0  0.21s           2026-09-23T13:03:22
================================================================================
[2026-09-23T13:03:52.522+0000] {manager.py:878} INFO - 
================================================================================
DAG File Processing Stats

File Path                      PID    Runtime      # DAGs    # Errors  Last Runtime    Last Run
-----------------------------  -----  ---------  --------  ----------  --------------  -------------------
/opt/airflow/dags/dags_etl.py                           1           0  0.21s           2026-09-23T13:03:52
================================================================================
[2026-09-23T13:04:22.930+0000] {manager.py:878} INFO - 
================================================================================
DAG File Processing Stats

File Path                      PID    Runtime      # DAGs    # Errors  Last Runtime    Last Run
-----------------------------  -----  ---------  --------  ----------  --------------  -------------------
/opt/airflow/dags/dags_etl.py                           1           0  0.21s           2026-09-23T13:04:22
================================================================================
[2026-09-23T13:04:53.433+0000] {manager.py:878} INFO - 
================================================================================
DAG File Processing Stats

File Path                      PID    Runtime      # DAGs    # Errors  Last Runtime    Last Run
-----------------------------  -----  ---------  --------  ----------  --------------  -------------------
/opt/airflow/dags/dags_etl.py                           1           0  0.31s           2026-09-23T13:04:53
================================================================================
[2026-09-23T13:05:23.933+0000] {manager.py:878} INFO - 
================================================================================
DAG File Processing Stats

File Path                      PID    Runtime      # DAGs    # Errors  Last Runtime    Last Run
-----------------------------  -----  ---------  --------  ----------  --------------  -------------------
/opt/airflow/dags/dags_etl.py                           1           0  0.31s           2026-09-23T13:05:23
================================================================================
[2026-09-23T13:05:54.204+0000] {manager.py:878} INFO - 
================================================================================
DAG File Processing Stats

File Path                      PID    Runtime      # DAGs    # Errors  Last Runtime    Last Run
-----------------------------  -----  ---------  --------  ----------  --------------  -------------------
/opt/airflow/dags/dags_etl.py                           1           0  0.21s           2026-09-23T13:05:54
================================================================================
[2026-09-23T13:06:24.602+0000] {manager.py:878} INFO - 
================================================================================
DAG File Processing Stats

File Path                      PID    Runtime      # DAGs    # Errors  Last Runtime    Last Run
-----------------------------  -----  ---------  --------  ----------  --------------  -------------------
/opt/airflow/dags/dags_etl.py                           1           0  0.21s           2026-09-23T13:06:24
================================================================================
[2026-09-23T13:06:54.998+0000] {manager.py:878} INFO - 
================================================================================
DAG File Processing Stats

File Path                      PID    Runtime      # DAGs    # Errors  Last Runtime    Last Run
-----------------------------  -----  ---------  --------  ----------  --------------  -------------------
/opt/airflow/dags/dags_etl.py                           1           0  0.21s           2026-09-23T13:06:54
================================================================================
[2026-09-23T13:07:25.405+0000] {manager.py:878} INFO - 
================================================================================
DAG File Processing Stats

File Path                      PID    Runtime      # DAGs    # Errors  Last Runtime    Last Run
-----------------------------  -----  ---------  --------  ----------  --------------  -------------------
/opt/airflow/dags/dags_etl.py                           1           0  0.21s           2026-09-23T13:07:25
================================================================================
[2026-09-23T13:07:55.803+0000] {manager.py:878} INFO - 
================================================================================
DAG File Processing Stats

File Path                      PID    Runtime      # DAGs    # Errors  Last Runtime    Last Run
-----------------------------  -----  ---------  --------  ----------  --------------  -------------------
/opt/airflow/dags/dags_etl.py                           1           0  0.21s           2026-09-23T13:07:55
================================================================================
[2026-09-23T13:08:00.083+0000] {manager.py:737} INFO - Searching for files in /opt/airflow/dags
[2026-09-23T13:08:00.124+0000] {manager.py:740} INFO - There are 1 files in /opt/airflow/dags
[2026-09-23T13:08:26.196+0000] {manager.py:878} INFO - 
================================================================================
DAG File Processing Stats

File Path                      PID    Runtime      # DAGs    # Errors  Last Runtime    Last Run
-----------------------------  -----  ---------  --------  ----------  --------------  -------------------
/opt/airflow/dags/dags_etl.py                           1           0  0.21s           2026-09-23T13:08:26
================================================================================
[2026-09-23T13:08:56.698+0000] {manager.py:878} INFO - 
================================================================================
DAG File Processing Stats

File Path                      PID    Runtime      # DAGs    # Errors  Last Runtime    Last Run
-----------------------------  -----  ---------  --------  ----------  --------------  -------------------
/opt/airflow/dags/dags_etl.py                           1           0  0.31s           2026-09-23T13:08:56
================================================================================
[2026-09-23T13:09:27.095+0000] {manager.py:878} INFO - 
================================================================================
DAG File Processing Stats

File Path                      PID    Runtime      # DAGs    # Errors  Last Runtime    Last Run
-----------------------------  -----  ---------  --------  ----------  --------------  -------------------
/opt/airflow/dags/dags_etl.py                           1           0  0.21s           2026-09-23T13:09:27
================================================================================
[2026-09-23T13:09:57.489+0000] {manager.py:878} INFO - 
================================================================================
DAG File Processing Stats

File Path                      PID    Runtime      # DAGs    # Errors  Last Runtime    Last Run
-----------------------------  -----  ---------  --------  ----------  --------------  -------------------
/opt/airflow/dags/dags_etl.py                           1           0  0.21s           2026-09-23T13:09:57
================================================================================
[2026-09-23T13:10:27.897+0000] {manager.py:878} INFO - 
================================================================================
DAG File Processing Stats

File Path                      PID    Runtime      # DAGs    # Errors  Last Runtime    Last Run
-----------------------------  -----  ---------  --------  ----------  --------------  -------------------
/opt/airflow/dags/dags_etl.py                           1           0  0.21s           2026-09-23T13:10:27
================================================================================
[2026-09-23T13:10:58.302+0000] {manager.py:878} INFO - 
================================================================================
DAG File Processing Stats

File Path                      PID    Runtime      # DAGs    # Errors  Last Runtime    Last Run
-----------------------------  -----  ---------  --------  ----------  --------------  -------------------
/opt/airflow/dags/dags_etl.py                           1           0  0.21s           2026-09-23T13:10:58
================================================================================
[2026-09-23T13:11:28.303+0000] {manager.py:878} INFO - 
================================================================================
DAG File Processing Stats

File Path                      PID    Runtime      # DAGs    # Errors  Last Runtime    Last Run
-----------------------------  -----  ---------  --------  ----------  --------------  -------------------
/opt/airflow/dags/dags_etl.py                           1           0  0.21s           2026-09-23T13:10:58
================================================================================
[2026-09-23T13:11:58.326+0000] {manager.py:878} INFO - 
================================================================================
DAG File Processing Stats

File Path                      PID    Runtime      # DAGs    # Errors  Last Runtime    Last Run
-----------------------------  -----  ---------  --------  ----------  --------------  -------------------
/opt/airflow/dags/dags_etl.py                           1           0  0.21s           2026-09-23T13:11:28
================================================================================
[2026-09-23T13:12:29.366+0000] {manager.py:878} INFO - 
================================================================================
DAG File Processing Stats

File Path                      PID    Runtime      # DAGs    # Errors  Last Runtime    Last Run
-----------------------------  -----  ---------  --------  ----------  --------------  -------------------
/opt/airflow/dags/dags_etl.py                           1           0  0.21s           2026-09-23T13:12:29
================================================================================
[2026-09-23T13:12:59.722+0000] {manager.py:878} INFO - 
================================================================================
DAG File Processing Stats

File Path                      PID    Runtime      # DAGs    # Errors  Last Runtime    Last Run
-----------------------------  -----  ---------  --------  ----------  --------------  -------------------
/opt/airflow/dags/dags_etl.py                           1           0  0.31s           2026-09-23T13:12:59
================================================================================
[2026-09-23T13:13:00.693+0000] {manager.py:737} INFO - Searching for files in /opt/airflow/dags
[2026-09-23T13:13:00.738+0000] {manager.py:740} INFO - There are 1 files in /opt/airflow/dags
[2026-09-23T13:13:30.021+0000] {manager.py:878} INFO - 
================================================================================
DAG File Processing Stats

File Path                      PID    Runtime      # DAGs    # Errors  Last Runtime    Last Run
-----------------------------  -----  ---------  --------  ----------  --------------  -------------------
/opt/airflow/dags/dags_etl.py                           1           0  0.21s           2026-09-23T13:13:30
================================================================================
[2026-09-23T13:14:00.428+0000] {manager.py:878} INFO - 
================================================================================
DAG File Processing Stats

File Path                      PID    Runtime      # DAGs    # Errors  Last Runtime    Last Run
-----------------------------  -----  ---------  --------  ----------  --------------  -------------------
/opt/airflow/dags/dags_etl.py                           1           0  0.21s           2026-09-23T13:14:00
================================================================================
[2026-09-23T13:14:30.934+0000] {manager.py:878} INFO - 
================================================================================
DAG File Processing Stats

File Path                      PID    Runtime      # DAGs    # Errors  Last Runtime    Last Run
-----------------------------  -----  ---------  --------  ----------  --------------  -------------------
/opt/airflow/dags/dags_etl.py                           1           0  0.31s           2026-09-23T13:14:30
================================================================================
[2026-09-23T13:15:01.239+0000] {manager.py:878} INFO - 
================================================================================
DAG File Processing Stats

File Path                      PID    Runtime      # DAGs    # Errors  Last Runtime    Last Run
-----------------------------  -----  ---------  --------  ----------  --------------  -------------------
/opt/airflow/dags/dags_etl.py                           1           0  0.21s           2026-09-23T13:15:01
================================================================================
[2026-09-23T13:15:31.673+0000] {manager.py:878} INFO - 
================================================================================
DAG File Processing Stats

File Path                      PID    Runtime      # DAGs    # Errors  Last Runtime    Last Run
-----------------------------  -----  ---------  --------  ----------  --------------  -------------------
/opt/airflow/dags/dags_etl.py                           1           0  0.21s           2026-09-23T13:15:31
================================================================================
[2026-09-23T13:16:02.082+0000] {manager.py:878} INFO - 
================================================================================
DAG File Processing Stats

File Path                      PID    Runtime      # DAGs    # Errors  Last Runtime    Last Run
-----------------------------  -----  ---------  --------  ----------  --------------  -------------------
/opt/airflow/dags/dags_etl.py                           1           0  0.21s           2026-09-23T13:16:02
================================================================================
[2026-09-23T13:16:32.595+0000] {manager.py:878} INFO - 
================================================================================
DAG File Processing Stats

File Path                      PID    Runtime      # DAGs    # Errors  Last Runtime    Last Run
-----------------------------  -----  ---------  --------  ----------  --------------  -------------------
/opt/airflow/dags/dags_etl.py                           1           0  0.31s           2026-09-23T13:16:32
================================================================================
[2026-09-23T13:17:03.113+0000] {manager.py:878} INFO - 
================================================================================
DAG File Processing Stats

File Path                      PID    Runtime      # DAGs    # Errors  Last Runtime    Last Run
-----------------------------  -----  ---------  --------  ----------  --------------  -------------------
/opt/airflow/dags/dags_etl.py                           1           0  0.31s           2026-09-23T13:17:03
================================================================================
[2026-09-23T13:17:33.458+0000] {manager.py:878} INFO - 
================================================================================
DAG File Processing Stats

File Path                      PID    Runtime      # DAGs    # Errors  Last Runtime    Last Run
-----------------------------  -----  ---------  --------  ----------  --------------  -------------------
/opt/airflow/dags/dags_etl.py                           1           0  0.31s           2026-09-23T13:17:33
================================================================================
[2026-09-23T13:18:01.226+0000] {manager.py:737} INFO - Searching for files in /opt/airflow/dags
[2026-09-23T13:18:01.269+0000] {manager.py:740} INFO - There are 1 files in /opt/airflow/dags
[2026-09-23T13:18:03.912+0000] {manager.py:878} INFO - 
================================================================================
DAG File Processing Stats

File Path                      PID    Runtime      # DAGs    # Errors  Last Runtime    Last Run
-----------------------------  -----  ---------  --------  ----------  --------------  -------------------
/opt/airflow/dags/dags_etl.py                           1           0  0.21s           2026-09-23T13:18:03
================================================================================
[2026-09-23T13:18:34.311+0000] {manager.py:878} INFO - 
================================================================================
DAG File Processing Stats

File Path                      PID    Runtime      # DAGs    # Errors  Last Runtime    Last Run
-----------------------------  -----  ---------  --------  ----------  --------------  -------------------
/opt/airflow/dags/dags_etl.py                           1           0  0.21s           2026-09-23T13:18:34
================================================================================
[2026-09-23T13:19:04.705+0000] {manager.py:878} INFO - 
================================================================================
DAG File Processing Stats

File Path                      PID    Runtime      # DAGs    # Errors  Last Runtime    Last Run
-----------------------------  -----  ---------  --------  ----------  --------------  -------------------
/opt/airflow/dags/dags_etl.py                           1           0  0.21s           2026-09-23T13:19:04
================================================================================
[2026-09-23T13:19:35.100+0000] {manager.py:878} INFO - 
================================================================================
DAG File Processing Stats

File Path                      PID    Runtime      # DAGs    # Errors  Last Runtime    Last Run
-----------------------------  -----  ---------  --------  ----------  --------------  -------------------
/opt/airflow/dags/dags_etl.py                           1           0  0.21s           2026-09-23T13:19:35
================================================================================
[2026-09-23T13:20:05.507+0000] {manager.py:878} INFO - 
================================================================================
DAG File Processing Stats

File Path                      PID    Runtime      # DAGs    # Errors  Last Runtime    Last Run
-----------------------------  -----  ---------  --------  ----------  --------------  -------------------
/opt/airflow/dags/dags_etl.py                           1           0  0.21s           2026-09-23T13:20:05
================================================================================
[2026-09-23T13:20:35.922+0000] {manager.py:878} INFO - 
================================================================================
DAG File Processing Stats

File Path                      PID    Runtime      # DAGs    # Errors  Last Runtime    Last Run
-----------------------------  -----  ---------  --------  ----------  --------------  -------------------
/opt/airflow/dags/dags_etl.py                           1           0  0.21s           2026-09-23T13:20:35
================================================================================
[2026-09-23T13:21:06.323+0000] {manager.py:878} INFO - 
================================================================================
DAG File Processing Stats

File Path                      PID    Runtime      # DAGs    # Errors  Last Runtime    Last Run
-----------------------------  -----  ---------  --------  ----------  --------------  -------------------
/opt/airflow/dags/dags_etl.py                           1           0  0.21s           2026-09-23T13:21:06
================================================================================
[2026-09-23T13:21:36.729+0000] {manager.py:878} INFO - 
================================================================================
DAG File Processing Stats

File Path                      PID    Runtime      # DAGs    # Errors  Last Runtime    Last Run
-----------------------------  -----  ---------  --------  ----------  --------------  -------------------
/opt/airflow/dags/dags_etl.py                           1           0  0.21s           2026-09-23T13:21:36
================================================================================
[2026-09-23T13:22:07.122+0000] {manager.py:878} INFO - 
================================================================================
DAG File Processing Stats

File Path                      PID    Runtime      # DAGs    # Errors  Last Runtime    Last Run
-----------------------------  -----  ---------  --------  ----------  --------------  -------------------
/opt/airflow/dags/dags_etl.py                           1           0  0.21s           2026-09-23T13:22:07
================================================================================
[2026-09-23T13:22:37.392+0000] {manager.py:878} INFO - 
================================================================================
DAG File Processing Stats

File Path                      PID    Runtime      # DAGs    # Errors  Last Runtime    Last Run
-----------------------------  -----  ---------  --------  ----------  --------------  -------------------
/opt/airflow/dags/dags_etl.py                           1           0  0.21s           2026-09-23T13:22:37
================================================================================
[2026-09-23T13:23:01.708+0000] {manager.py:737} INFO - Searching for files in /opt/airflow/dags
[2026-09-23T13:23:01.753+0000] {manager.py:740} INFO - There are 1 files in /opt/airflow/dags
[2026-09-23T13:23:07.801+0000] {manager.py:878} INFO - 
================================================================================
DAG File Processing Stats

File Path                      PID    Runtime      # DAGs    # Errors  Last Runtime    Last Run
-----------------------------  -----  ---------  --------  ----------  --------------  -------------------
/opt/airflow/dags/dags_etl.py                           1           0  0.21s           2026-09-23T13:23:07
================================================================================
[2026-09-23T13:23:38.204+0000] {manager.py:878} INFO - 
================================================================================
DAG File Processing Stats

File Path                      PID    Runtime      # DAGs    # Errors  Last Runtime    Last Run
-----------------------------  -----  ---------  --------  ----------  --------------  -------------------
/opt/airflow/dags/dags_etl.py                           1           0  0.21s           2026-09-23T13:23:38
================================================================================
[2026-09-23T13:24:08.613+0000] {manager.py:878} INFO - 
================================================================================
DAG File Processing Stats

File Path                      PID    Runtime      # DAGs    # Errors  Last Runtime    Last Run
-----------------------------  -----  ---------  --------  ----------  --------------  -------------------
/opt/airflow/dags/dags_etl.py                           1           0  0.21s           2026-09-23T13:24:08
================================================================================
[2026-09-23T13:24:39.070+0000] {manager.py:878} INFO - 
================================================================================
DAG File Processing Stats

File Path                      PID    Runtime      # DAGs    # Errors  Last Runtime    Last Run
-----------------------------  -----  ---------  --------  ----------  --------------  -------------------
/opt/airflow/dags/dags_etl.py                           1           0  0.21s           2026-09-23T13:24:39
================================================================================
[2026-09-23T13:25:09.476+0000] {manager.py:878} INFO - 
================================================================================
DAG File Processing Stats

File Path                      PID    Runtime      # DAGs    # Errors  Last Runtime    Last Run
-----------------------------  -----  ---------  --------  ----------  --------------  -------------------
/opt/airflow/dags/dags_etl.py                           1           0  0.21s           2026-09-23T13:25:09
================================================================================
[2026-09-23T13:25:39.781+0000] {manager.py:878} INFO - 
================================================================================
DAG File Processing Stats

File Path                      PID    Runtime      # DAGs    # Errors  Last Runtime    Last Run
-----------------------------  -----  ---------  --------  ----------  --------------  -------------------
/opt/airflow/dags/dags_etl.py                           1           0  0.21s           2026-09-23T13:25:39
================================================================================
[2026-09-23T13:26:10.179+0000] {manager.py:878} INFO - 
================================================================================
DAG File Processing Stats

File Path                      PID    Runtime      # DAGs    # Errors  Last Runtime    Last Run
-----------------------------  -----  ---------  --------  ----------  --------------  -------------------
/opt/airflow/dags/dags_etl.py                           1           0  0.21s           2026-09-23T13:26:10
================================================================================
[2026-09-23T13:26:40.592+0000] {manager.py:878} INFO - 
================================================================================
DAG File Processing Stats

File Path                      PID    Runtime      # DAGs    # Errors  Last Runtime    Last Run
-----------------------------  -----  ---------  --------  ----------  --------------  -------------------
/opt/airflow/dags/dags_etl.py                           1           0  0.21s           2026-09-23T13:26:40
================================================================================
[2026-09-23T13:27:11.003+0000] {manager.py:878} INFO - 
================================================================================
DAG File Processing Stats

File Path                      PID    Runtime      # DAGs    # Errors  Last Runtime    Last Run
-----------------------------  -----  ---------  --------  ----------  --------------  -------------------
/opt/airflow/dags/dags_etl.py                           1           0  0.21s           2026-09-23T13:27:11
================================================================================
[2026-09-23T13:27:41.411+0000] {manager.py:878} INFO - 
================================================================================
DAG File Processing Stats

File Path                      PID    Runtime      # DAGs    # Errors  Last Runtime    Last Run
-----------------------------  -----  ---------  --------  ----------  --------------  -------------------
/opt/airflow/dags/dags_etl.py                           1           0  0.21s           2026-09-23T13:27:41
================================================================================
[2026-09-23T13:28:02.315+0000] {manager.py:737} INFO - Searching for files in /opt/airflow/dags
[2026-09-23T13:28:02.361+0000] {manager.py:740} INFO - There are 1 files in /opt/airflow/dags
[2026-09-23T13:28:11.823+0000] {manager.py:878} INFO - 
================================================================================
DAG File Processing Stats

File Path                      PID    Runtime      # DAGs    # Errors  Last Runtime    Last Run
-----------------------------  -----  ---------  --------  ----------  --------------  -------------------
/opt/airflow/dags/dags_etl.py                           1           0  0.21s           2026-09-23T13:28:11
================================================================================
[2026-09-23T13:28:42.237+0000] {manager.py:878} INFO - 
================================================================================
DAG File Processing Stats

File Path                      PID    Runtime      # DAGs    # Errors  Last Runtime    Last Run
-----------------------------  -----  ---------  --------  ----------  --------------  -------------------
/opt/airflow/dags/dags_etl.py                           1           0  0.22s           2026-09-23T13:28:42
================================================================================
[2026-09-23T13:29:12.746+0000] {manager.py:878} INFO - 
================================================================================
DAG File Processing Stats

File Path                      PID    Runtime      # DAGs    # Errors  Last Runtime    Last Run
-----------------------------  -----  ---------  --------  ----------  --------------  -------------------
/opt/airflow/dags/dags_etl.py                           1           0  0.31s           2026-09-23T13:29:12
================================================================================
[2026-09-23T13:29:43.251+0000] {manager.py:878} INFO - 
================================================================================
DAG File Processing Stats

File Path                      PID    Runtime      # DAGs    # Errors  Last Runtime    Last Run
-----------------------------  -----  ---------  --------  ----------  --------------  -------------------
/opt/airflow/dags/dags_etl.py                           1           0  0.31s           2026-09-23T13:29:43
================================================================================
[2026-09-23T13:30:13.669+0000] {manager.py:878} INFO - 
================================================================================
DAG File Processing Stats

File Path                      PID    Runtime      # DAGs    # Errors  Last Runtime    Last Run
-----------------------------  -----  ---------  --------  ----------  --------------  -------------------
/opt/airflow/dags/dags_etl.py                           1           0  0.21s           2026-09-23T13:30:13
================================================================================
[2026-09-23T13:30:43.971+0000] {manager.py:878} INFO - 
================================================================================
DAG File Processing Stats

File Path                      PID    Runtime      # DAGs    # Errors  Last Runtime    Last Run
-----------------------------  -----  ---------  --------  ----------  --------------  -------------------
/opt/airflow/dags/dags_etl.py                           1           0  0.21s           2026-09-23T13:30:43
================================================================================
[2026-09-23T13:31:14.378+0000] {manager.py:878} INFO - 
================================================================================
DAG File Processing Stats

File Path                      PID    Runtime      # DAGs    # Errors  Last Runtime    Last Run
-----------------------------  -----  ---------  --------  ----------  --------------  -------------------
/opt/airflow/dags/dags_etl.py                           1           0  0.21s           2026-09-23T13:31:14
================================================================================
[2026-09-23T13:31:44.792+0000] {manager.py:878} INFO - 
================================================================================
DAG File Processing Stats

File Path                      PID    Runtime      # DAGs    # Errors  Last Runtime    Last Run
-----------------------------  -----  ---------  --------  ----------  --------------  -------------------
/opt/airflow/dags/dags_etl.py                           1           0  0.21s           2026-09-23T13:31:44
================================================================================
[2026-09-23T13:32:15.288+0000] {manager.py:878} INFO - 
================================================================================
DAG File Processing Stats

File Path                      PID    Runtime      # DAGs    # Errors  Last Runtime    Last Run
-----------------------------  -----  ---------  --------  ----------  --------------  -------------------
/opt/airflow/dags/dags_etl.py                           1           0  0.31s           2026-09-23T13:32:15
================================================================================
[2026-09-23T13:32:45.707+0000] {manager.py:878} INFO - 
================================================================================
DAG File Processing Stats

File Path                      PID    Runtime      # DAGs    # Errors  Last Runtime    Last Run
-----------------------------  -----  ---------  --------  ----------  --------------  -------------------
/opt/airflow/dags/dags_etl.py                           1           0  0.21s           2026-09-23T13:32:45
================================================================================
[2026-09-23T13:33:02.763+0000] {manager.py:737} INFO - Searching for files in /opt/airflow/dags
[2026-09-23T13:33:02.803+0000] {manager.py:740} INFO - There are 1 files in /opt/airflow/dags
[2026-09-23T13:33:16.102+0000] {manager.py:878} INFO - 
================================================================================
DAG File Processing Stats

File Path                      PID    Runtime      # DAGs    # Errors  Last Runtime    Last Run
-----------------------------  -----  ---------  --------  ----------  --------------  -------------------
/opt/airflow/dags/dags_etl.py                           1           0  0.21s           2026-09-23T13:33:16
================================================================================
[2026-09-23T13:33:46.494+0000] {manager.py:878} INFO - 
================================================================================
DAG File Processing Stats

File Path                      PID    Runtime      # DAGs    # Errors  Last Runtime    Last Run
-----------------------------  -----  ---------  --------  ----------  --------------  -------------------
/opt/airflow/dags/dags_etl.py                           1           0  0.21s           2026-09-23T13:33:46
================================================================================
[2026-09-23T13:34:16.895+0000] {manager.py:878} INFO - 
================================================================================
DAG File Processing Stats

File Path                      PID    Runtime      # DAGs    # Errors  Last Runtime    Last Run
-----------------------------  -----  ---------  --------  ----------  --------------  -------------------
/opt/airflow/dags/dags_etl.py                           1           0  0.21s           2026-09-23T13:34:16
================================================================================
[2026-09-23T13:34:47.301+0000] {manager.py:878} INFO - 
================================================================================
DAG File Processing Stats

File Path                      PID    Runtime      # DAGs    # Errors  Last Runtime    Last Run
-----------------------------  -----  ---------  --------  ----------  --------------  -------------------
/opt/airflow/dags/dags_etl.py                           1           0  0.21s           2026-09-23T13:34:47
================================================================================
[2026-09-23T13:35:17.816+0000] {manager.py:878} INFO - 
================================================================================
DAG File Processing Stats

File Path                      PID    Runtime      # DAGs    # Errors  Last Runtime    Last Run
-----------------------------  -----  ---------  --------  ----------  --------------  -------------------
/opt/airflow/dags/dags_etl.py                           1           0  0.31s           2026-09-23T13:35:17
================================================================================
[2026-09-23T13:35:48.252+0000] {manager.py:878} INFO - 
================================================================================
DAG File Processing Stats

File Path                      PID    Runtime      # DAGs    # Errors  Last Runtime    Last Run
-----------------------------  -----  ---------  --------  ----------  --------------  -------------------
/opt/airflow/dags/dags_etl.py                           1           0  0.21s           2026-09-23T13:35:48
================================================================================
[2026-09-23T13:36:18.662+0000] {manager.py:878} INFO - 
================================================================================
DAG File Processing Stats

File Path                      PID    Runtime      # DAGs    # Errors  Last Runtime    Last Run
-----------------------------  -----  ---------  --------  ----------  --------------  -------------------
/opt/airflow/dags/dags_etl.py                           1           0  0.21s           2026-09-23T13:36:18
================================================================================
[2026-09-23T13:36:49.069+0000] {manager.py:878} INFO - 
================================================================================
DAG File Processing Stats

File Path                      PID    Runtime      # DAGs    # Errors  Last Runtime    Last Run
-----------------------------  -----  ---------  --------  ----------  --------------  -------------------
/opt/airflow/dags/dags_etl.py                           1           0  0.21s           2026-09-23T13:36:49
================================================================================
[2026-09-23T13:37:19.524+0000] {manager.py:878} INFO - 
================================================================================
DAG File Processing Stats

File Path                      PID    Runtime      # DAGs    # Errors  Last Runtime    Last Run
-----------------------------  -----  ---------  --------  ----------  --------------  -------------------
/opt/airflow/dags/dags_etl.py                           1           0  0.21s           2026-09-23T13:37:19
================================================================================
[2026-09-23T13:37:50.034+0000] {manager.py:878} INFO - 
================================================================================
DAG File Processing Stats

File Path                      PID    Runtime      # DAGs    # Errors  Last Runtime    Last Run
-----------------------------  -----  ---------  --------  ----------  --------------  -------------------
/opt/airflow/dags/dags_etl.py                           1           0  0.31s           2026-09-23T13:37:50
================================================================================
[2026-09-23T13:38:03.111+0000] {manager.py:737} INFO - Searching for files in /opt/airflow/dags
[2026-09-23T13:38:03.155+0000] {manager.py:740} INFO - There are 1 files in /opt/airflow/dags
[2026-09-23T13:38:20.445+0000] {manager.py:878} INFO - 
================================================================================
DAG File Processing Stats

File Path                      PID    Runtime      # DAGs    # Errors  Last Runtime    Last Run
-----------------------------  -----  ---------  --------  ----------  --------------  -------------------
/opt/airflow/dags/dags_etl.py                           1           0  0.21s           2026-09-23T13:38:20
================================================================================
[2026-09-23T13:38:50.847+0000] {manager.py:878} INFO - 
================================================================================
DAG File Processing Stats

File Path                      PID    Runtime      # DAGs    # Errors  Last Runtime    Last Run
-----------------------------  -----  ---------  --------  ----------  --------------  -------------------
/opt/airflow/dags/dags_etl.py                           1           0  0.21s           2026-09-23T13:38:50
================================================================================
[2026-09-23T13:39:21.350+0000] {manager.py:878} INFO - 
================================================================================
DAG File Processing Stats

File Path                      PID    Runtime      # DAGs    # Errors  Last Runtime    Last Run
-----------------------------  -----  ---------  --------  ----------  --------------  -------------------
/opt/airflow/dags/dags_etl.py                           1           0  0.31s           2026-09-23T13:39:21
================================================================================
[2026-09-23T13:39:51.806+0000] {manager.py:878} INFO - 
================================================================================
DAG File Processing Stats

File Path                      PID    Runtime      # DAGs    # Errors  Last Runtime    Last Run
-----------------------------  -----  ---------  --------  ----------  --------------  -------------------
/opt/airflow/dags/dags_etl.py                           1           0  0.21s           2026-09-23T13:39:51
================================================================================
[2026-09-23T13:40:22.213+0000] {manager.py:878} INFO - 
================================================================================
DAG File Processing Stats

File Path                      PID    Runtime      # DAGs    # Errors  Last Runtime    Last Run
-----------------------------  -----  ---------  --------  ----------  --------------  -------------------
/opt/airflow/dags/dags_etl.py                           1           0  0.21s           2026-09-23T13:40:22
================================================================================
[2026-09-23T13:40:52.618+0000] {manager.py:878} INFO - 
================================================================================
DAG File Processing Stats

File Path                      PID    Runtime      # DAGs    # Errors  Last Runtime    Last Run
-----------------------------  -----  ---------  --------  ----------  --------------  -------------------
/opt/airflow/dags/dags_etl.py                           1           0  0.21s           2026-09-23T13:40:52
================================================================================
[2026-09-23T13:41:23.029+0000] {manager.py:878} INFO - 
================================================================================
DAG File Processing Stats

File Path                      PID    Runtime      # DAGs    # Errors  Last Runtime    Last Run
-----------------------------  -----  ---------  --------  ----------  --------------  -------------------
/opt/airflow/dags/dags_etl.py                           1           0  0.21s           2026-09-23T13:41:23
================================================================================
[2026-09-23T13:41:53.552+0000] {manager.py:878} INFO - 
================================================================================
DAG File Processing Stats

File Path                      PID    Runtime      # DAGs    # Errors  Last Runtime    Last Run
-----------------------------  -----  ---------  --------  ----------  --------------  -------------------
/opt/airflow/dags/dags_etl.py                           1           0  0.31s           2026-09-23T13:41:53
================================================================================
[2026-09-23T13:42:23.979+0000] {manager.py:878} INFO - 
================================================================================
DAG File Processing Stats

File Path                      PID    Runtime      # DAGs    # Errors  Last Runtime    Last Run
-----------------------------  -----  ---------  --------  ----------  --------------  -------------------
/opt/airflow/dags/dags_etl.py                           1           0  0.31s           2026-09-23T13:42:23
================================================================================
[2026-09-23T13:42:54.748+0000] {manager.py:878} INFO - 
================================================================================
DAG File Processing Stats

File Path                      PID    Runtime      # DAGs    # Errors  Last Runtime    Last Run
-----------------------------  -----  ---------  --------  ----------  --------------  -------------------
/opt/airflow/dags/dags_etl.py                           1           0  0.31s           2026-09-23T13:42:54
================================================================================
[2026-09-23T13:43:03.672+0000] {manager.py:737} INFO - Searching for files in /opt/airflow/dags
[2026-09-23T13:43:03.751+0000] {manager.py:740} INFO - There are 1 files in /opt/airflow/dags
[2026-09-23T13:43:25.507+0000] {manager.py:878} INFO - 
================================================================================
DAG File Processing Stats

File Path                      PID    Runtime      # DAGs    # Errors  Last Runtime    Last Run
-----------------------------  -----  ---------  --------  ----------  --------------  -------------------
/opt/airflow/dags/dags_etl.py                           1           0  0.41s           2026-09-23T13:43:25
================================================================================
[2026-09-23T13:43:56.310+0000] {manager.py:878} INFO - 
================================================================================
DAG File Processing Stats

File Path                      PID    Runtime      # DAGs    # Errors  Last Runtime    Last Run
-----------------------------  -----  ---------  --------  ----------  --------------  -------------------
/opt/airflow/dags/dags_etl.py                           1           0  0.42s           2026-09-23T13:43:56
================================================================================
[2026-09-23T13:44:26.833+0000] {manager.py:878} INFO - 
================================================================================
DAG File Processing Stats

File Path                      PID    Runtime      # DAGs    # Errors  Last Runtime    Last Run
-----------------------------  -----  ---------  --------  ----------  --------------  -------------------
/opt/airflow/dags/dags_etl.py                           1           0  0.41s           2026-09-23T13:44:26
================================================================================
[2026-09-23T13:44:57.338+0000] {manager.py:878} INFO - 
================================================================================
DAG File Processing Stats

File Path                      PID    Runtime      # DAGs    # Errors  Last Runtime    Last Run
-----------------------------  -----  ---------  --------  ----------  --------------  -------------------
/opt/airflow/dags/dags_etl.py                           1           0  0.41s           2026-09-23T13:44:57
================================================================================
[2026-09-23T13:45:28.233+0000] {manager.py:878} INFO - 
================================================================================
DAG File Processing Stats

File Path                      PID    Runtime      # DAGs    # Errors  Last Runtime    Last Run
-----------------------------  -----  ---------  --------  ----------  --------------  -------------------
/opt/airflow/dags/dags_etl.py                           1           0  0.51s           2026-09-23T13:45:28
================================================================================
[2026-09-23T13:45:58.926+0000] {manager.py:878} INFO - 
================================================================================
DAG File Processing Stats

File Path                      PID    Runtime      # DAGs    # Errors  Last Runtime    Last Run
-----------------------------  -----  ---------  --------  ----------  --------------  -------------------
/opt/airflow/dags/dags_etl.py                           1           0  0.41s           2026-09-23T13:45:58
================================================================================
[2026-09-23T13:46:29.486+0000] {manager.py:878} INFO - 
================================================================================
DAG File Processing Stats

File Path                      PID    Runtime      # DAGs    # Errors  Last Runtime    Last Run
-----------------------------  -----  ---------  --------  ----------  --------------  -------------------
/opt/airflow/dags/dags_etl.py                           1           0  0.41s           2026-09-23T13:46:29
================================================================================
[2026-09-23T13:47:00.416+0000] {manager.py:878} INFO - 
================================================================================
DAG File Processing Stats

File Path                      PID    Runtime      # DAGs    # Errors  Last Runtime    Last Run
-----------------------------  -----  ---------  --------  ----------  --------------  -------------------
/opt/airflow/dags/dags_etl.py                           1           0  0.51s           2026-09-23T13:47:00
================================================================================
[2026-09-23T13:47:31.237+0000] {manager.py:878} INFO - 
================================================================================
DAG File Processing Stats

File Path                      PID    Runtime      # DAGs    # Errors  Last Runtime    Last Run
-----------------------------  -----  ---------  --------  ----------  --------------  -------------------
/opt/airflow/dags/dags_etl.py                           1           0  0.41s           2026-09-23T13:47:31
================================================================================
[2026-09-23T13:48:01.757+0000] {manager.py:878} INFO - 
================================================================================
DAG File Processing Stats

File Path                      PID    Runtime      # DAGs    # Errors  Last Runtime    Last Run
-----------------------------  -----  ---------  --------  ----------  --------------  -------------------
/opt/airflow/dags/dags_etl.py                           1           0  0.41s           2026-09-23T13:48:01
================================================================================
[2026-09-23T13:48:04.162+0000] {manager.py:737} INFO - Searching for files in /opt/airflow/dags
[2026-09-23T13:48:04.278+0000] {manager.py:740} INFO - There are 1 files in /opt/airflow/dags
[2026-09-23T13:48:32.605+0000] {manager.py:878} INFO - 
================================================================================
DAG File Processing Stats

File Path                      PID    Runtime      # DAGs    # Errors  Last Runtime    Last Run
-----------------------------  -----  ---------  --------  ----------  --------------  -------------------
/opt/airflow/dags/dags_etl.py                           1           0  0.41s           2026-09-23T13:48:32
================================================================================
[2026-09-23T13:49:03.348+0000] {manager.py:878} INFO - 
================================================================================
DAG File Processing Stats

File Path                      PID    Runtime      # DAGs    # Errors  Last Runtime    Last Run
-----------------------------  -----  ---------  --------  ----------  --------------  -------------------
/opt/airflow/dags/dags_etl.py                           1           0  0.41s           2026-09-23T13:49:03
================================================================================
[2026-09-23T13:49:34.067+0000] {manager.py:878} INFO - 
================================================================================
DAG File Processing Stats

File Path                      PID    Runtime      # DAGs    # Errors  Last Runtime    Last Run
-----------------------------  -----  ---------  --------  ----------  --------------  -------------------
/opt/airflow/dags/dags_etl.py                           1           0  0.31s           2026-09-23T13:49:34
================================================================================
[2026-09-23T13:50:04.776+0000] {manager.py:878} INFO - 
================================================================================
DAG File Processing Stats

File Path                      PID    Runtime      # DAGs    # Errors  Last Runtime    Last Run
-----------------------------  -----  ---------  --------  ----------  --------------  -------------------
/opt/airflow/dags/dags_etl.py                           1           0  0.41s           2026-09-23T13:50:04
================================================================================
[2026-09-23T13:50:35.169+0000] {manager.py:878} INFO - 
================================================================================
DAG File Processing Stats

File Path                      PID    Runtime      # DAGs    # Errors  Last Runtime    Last Run
-----------------------------  -----  ---------  --------  ----------  --------------  -------------------
/opt/airflow/dags/dags_etl.py                           1           0  0.31s           2026-09-23T13:50:35
================================================================================
