[2026-09-23T12:45:18.180+0000] {local_task_job_runner.py:120} INFO - ::group::Pre task execution logs
[2026-09-23T12:45:18.239+0000] {taskinstance.py:2076} INFO - Dependencies all met for dep_context=non-requeueable deps ti=<TaskInstance: dag_project_de_etl_v04.create_table manual__2026-09-23T12:45:04.904956+00:00 [queued]>
[2026-09-23T12:45:18.256+0000] {taskinstance.py:2076} INFO - Dependencies all met for dep_context=requeueable deps ti=<TaskInstance: dag_project_de_etl_v04.create_table manual__2026-09-23T12:45:04.904956+00:00 [queued]>
[2026-09-23T12:45:18.257+0000] {taskinstance.py:2306} INFO - Starting attempt 1 of 1
[2026-09-23T12:45:18.324+0000] {taskinstance.py:2330} INFO - Executing <Task(PostgresOperator): create_table> on 2026-09-23 12:45:04.904956+00:00
[2026-09-23T12:45:18.332+0000] {standard_task_runner.py:63} INFO - Started process 124 to run task
[2026-09-23T12:45:18.334+0000] {standard_task_runner.py:90} INFO - Running: ['airflow', 'tasks', 'run', 'dag_project_de_etl_v04', 'create_table', 'manual__2026-09-23T12:45:04.904956+00:00', '--job-id', '4', '--raw', '--subdir', 'DAGS_FOLDER/dags_etl.py', '--cfg-path', '/tmp/tmppw9u_6qn']
[2026-09-23T12:45:18.337+0000] {standard_task_runner.py:91} INFO - Job 4: Subtask create_table
[2026-09-23T12:45:18.467+0000] {task_command.py:426} INFO - Running <TaskInstance: dag_project_de_etl_v04.create_table manual__2026-09-23T12:45:04.904956+00:00 [running]> on host 0df1b7c7695a
[2026-09-23T12:45:18.639+0000] {taskinstance.py:2648} INFO - Exporting env vars: AIRFLOW_CTX_DAG_OWNER='risdan' AIRFLOW_CTX_DAG_ID='dag_project_de_etl_v04' AIRFLOW_CTX_TASK_ID='create_table' AIRFLOW_CTX_EXECUTION_DATE='2026-09-23T12:45:04.904956+00:00' AIRFLOW_CTX_TRY_NUMBER='1' AIRFLOW_CTX_DAG_RUN_ID='manual__2026-09-23T12:45:04.904956+00:00'
[2026-09-23T12:45:18.641+0000] {taskinstance.py:430} INFO - ::endgroup::
[2026-09-23T12:45:18.796+0000] {sql.py:276} INFO - Executing: CREATE TABLE IF NOT EXISTS books (
    id SERIAL,
    title TEXT NOT NULL,
    author_name TEXT,
    first_publish_year TEXT
)
[2026-09-23T12:45:18.812+0000] {base.py:84} INFO - Using connection ID 'books_connection' for task execution.
[2026-09-23T12:45:19.027+0000] {base.py:84} INFO - Using connection ID 'books_connection' for task execution.
[2026-09-23T12:45:19.051+0000] {sql.py:487} INFO - Running statement: CREATE TABLE IF NOT EXISTS books (
    id SERIAL,
    title TEXT NOT NULL,
    author_name TEXT,
    first_publish_year TEXT
), parameters: None
[2026-09-23T12:45:19.095+0000] {taskinstance.py:441} INFO - ::group::Post task execution logs
[2026-09-23T12:45:19.112+0000] {taskinstance.py:1206} INFO - Marking task as SUCCESS. dag_id=dag_project_de_etl_v04, task_id=create_table, run_id=manual__2026-09-23T12:45:04.904956+00:00, execution_date=20260923T124504, start_date=20260923T124518, end_date=20260923T124519
[2026-09-23T12:45:19.192+0000] {local_task_job_runner.py:240} INFO - Task exited with return code 0
[2026-09-23T12:45:19.213+0000] {logging_mixin.py:188} WARNING - /home/airflow/.local/lib/python3.12/site-packages/airflow/models/baseoperator.py:1297 AirflowProviderDeprecationWarning: Call to deprecated class PostgresOperator. (Please use `airflow.providers.common.sql.operators.sql.SQLExecuteQueryOperator`.Also, you can provide `hook_params={'schema': <database>}`.)
[2026-09-23T12:45:19.242+0000] {taskinstance.py:3503} INFO - 1 downstream tasks scheduled from follow-on schedule check
[2026-09-23T12:45:19.260+0000] {local_task_job_runner.py:222} INFO - ::endgroup::
