[2026-09-23T12:45:22.918+0000] {local_task_job_runner.py:120} INFO - ::group::Pre task execution logs
[2026-09-23T12:45:22.957+0000] {taskinstance.py:2076} INFO - Dependencies all met for dep_context=non-requeueable deps ti=<TaskInstance: dag_project_de_etl_v04.insert_data manual__2026-09-23T12:45:04.904956+00:00 [queued]>
[2026-09-23T12:45:22.974+0000] {taskinstance.py:2076} INFO - Dependencies all met for dep_context=requeueable deps ti=<TaskInstance: dag_project_de_etl_v04.insert_data manual__2026-09-23T12:45:04.904956+00:00 [queued]>
[2026-09-23T12:45:22.975+0000] {taskinstance.py:2306} INFO - Starting attempt 1 of 1
[2026-09-23T12:45:23.053+0000] {taskinstance.py:2330} INFO - Executing <Task(PythonOperator): insert_data> on 2026-09-23 12:45:04.904956+00:00
[2026-09-23T12:45:23.064+0000] {standard_task_runner.py:63} INFO - Started process 137 to run task
[2026-09-23T12:45:23.067+0000] {standard_task_runner.py:90} INFO - Running: ['airflow', 'tasks', 'run', 'dag_project_de_etl_v04', 'insert_data', 'manual__2026-09-23T12:45:04.904956+00:00', '--job-id', '5', '--raw', '--subdir', 'DAGS_FOLDER/dags_etl.py', '--cfg-path', '/tmp/tmp9qlvh4i5']
[2026-09-23T12:45:23.071+0000] {standard_task_runner.py:91} INFO - Job 5: Subtask insert_data
[2026-09-23T12:45:23.196+0000] {task_command.py:426} INFO - Running <TaskInstance: dag_project_de_etl_v04.insert_data manual__2026-09-23T12:45:04.904956+00:00 [running]> on host 0df1b7c7695a
[2026-09-23T12:45:23.376+0000] {taskinstance.py:2648} INFO - Exporting env vars: AIRFLOW_CTX_DAG_OWNER='risdan' AIRFLOW_CTX_DAG_ID='dag_project_de_etl_v04' AIRFLOW_CTX_TASK_ID='insert_data' AIRFLOW_CTX_EXECUTION_DATE='2026-09-23T12:45:04.904956+00:00' AIRFLOW_CTX_TRY_NUMBER='1' AIRFLOW_CTX_DAG_RUN_ID='manual__2026-09-23T12:45:04.904956+00:00'
[2026-09-23T12:45:23.377+0000] {taskinstance.py:430} INFO - ::endgroup::
[2026-09-23T12:45:23.616+0000] {base.py:84} INFO - Using connection ID 'books_connection' for task execution.
[2026-09-23T12:45:23.633+0000] {sql.py:487} INFO - Running statement: 
        INSERT INTO books (title, author_name, first_publish_year)
        VALUES (%s, %s, %s)
    , parameters: ('Fundamentals of Data Engineering', 'Joe Reis', 2022)
[2026-09-23T12:45:23.639+0000] {sql.py:496} INFO - Rows affected: 1
[2026-09-23T12:45:23.660+0000] {base.py:84} INFO - Using connection ID 'books_connection' for task execution.
[2026-09-23T12:45:23.674+0000] {sql.py:487} INFO - Running statement: 
        INSERT INTO books (title, author_name, first_publish_year)
        VALUES (%s, %s, %s)
    , parameters: ('Azure Data Engineer Associate Certification Guide', 'Newton Alex', 2022)
[2026-09-23T12:45:23.681+0000] {sql.py:496} INFO - Rows affected: 1
[2026-09-23T12:45:23.706+0000] {base.py:84} INFO - Using connection ID 'books_connection' for task execution.
[2026-09-23T12:45:23.720+0000] {sql.py:487} INFO - Running statement: 
        INSERT INTO books (title, author_name, first_publish_year)
        VALUES (%s, %s, %s)
    , parameters: ('Azure Data Engineering Cookbook', 'Nagaraj Venkatesan', 2021)
[2026-09-23T12:45:23.726+0000] {sql.py:496} INFO - Rows affected: 1
[2026-09-23T12:45:23.747+0000] {base.py:84} INFO - Using connection ID 'books_connection' for task execution.
[2026-09-23T12:45:23.760+0000] {sql.py:487} INFO - Running statement: 
        INSERT INTO books (title, author_name, first_publish_year)
        VALUES (%s, %s, %s)
    , parameters: ('Official Google Cloud Certified Professional Data Engineer Study Guide', 'Dan Sullivan', 2020)
[2026-09-23T12:45:23.766+0000] {sql.py:496} INFO - Rows affected: 1
[2026-09-23T12:45:23.797+0000] {base.py:84} INFO - Using connection ID 'books_connection' for task execution.
[2026-09-23T12:45:23.811+0000] {sql.py:487} INFO - Running statement: 
        INSERT INTO books (title, author_name, first_publish_year)
        VALUES (%s, %s, %s)
    , parameters: ('Azure Data Engineering', 'Richard L. Nuckolls', 2020)
[2026-09-23T12:45:23.817+0000] {sql.py:496} INFO - Rows affected: 1
[2026-09-23T12:45:23.837+0000] {base.py:84} INFO - Using connection ID 'books_connection' for task execution.
[2026-09-23T12:45:23.850+0000] {sql.py:487} INFO - Running statement: 
        INSERT INTO books (title, author_name, first_publish_year)
        VALUES (%s, %s, %s)
    , parameters: ('Data Engineering with AWS', 'Gareth Eagar', 2021)
[2026-09-23T12:45:23.855+0000] {sql.py:496} INFO - Rows affected: 1
[2026-09-23T12:45:23.876+0000] {base.py:84} INFO - Using connection ID 'books_connection' for task execution.
[2026-09-23T12:45:23.888+0000] {sql.py:487} INFO - Running statement: 
        INSERT INTO books (title, author_name, first_publish_year)
        VALUES (%s, %s, %s)
    , parameters: ('Data Engineering with Python', 'Paul Crickard', 2020)
[2026-09-23T12:45:23.894+0000] {sql.py:496} INFO - Rows affected: 1
[2026-09-23T12:45:23.915+0000] {base.py:84} INFO - Using connection ID 'books_connection' for task execution.
[2026-09-23T12:45:23.927+0000] {sql.py:487} INFO - Running statement: 
        INSERT INTO books (title, author_name, first_publish_year)
        VALUES (%s, %s, %s)
    , parameters: ('Model And Data Engineering', 'Ladjel Bellatreche', 2011)
[2026-09-23T12:45:23.932+0000] {sql.py:496} INFO - Rows affected: 1
[2026-09-23T12:45:23.953+0000] {base.py:84} INFO - Using connection ID 'books_connection' for task execution.
[2026-09-23T12:45:23.964+0000] {sql.py:487} INFO - Running statement: 
        INSERT INTO books (title, author_name, first_publish_year)
        VALUES (%s, %s, %s)
    , parameters: ('Data engineering', 'Tom Gilb', 1976)
[2026-09-23T12:45:23.969+0000] {sql.py:496} INFO - Rows affected: 1
[2026-09-23T12:45:23.989+0000] {base.py:84} INFO - Using connection ID 'books_connection' for task execution.
[2026-09-23T12:45:24.002+0000] {sql.py:487} INFO - Running statement: 
        INSERT INTO books (title, author_name, first_publish_year)
        VALUES (%s, %s, %s)
    , parameters: ('Data Engineering', 'Brian Shive', 2013)
[2026-09-23T12:45:24.006+0000] {sql.py:496} INFO - Rows affected: 1
[2026-09-23T12:45:24.014+0000] {python.py:237} INFO - Done. Returned value was: None
[2026-09-23T12:45:24.015+0000] {taskinstance.py:441} INFO - ::group::Post task execution logs
[2026-09-23T12:45:24.029+0000] {taskinstance.py:1206} INFO - Marking task as SUCCESS. dag_id=dag_project_de_etl_v04, task_id=insert_data, run_id=manual__2026-09-23T12:45:04.904956+00:00, execution_date=20260923T124504, start_date=20260923T124522, end_date=20260923T124524
[2026-09-23T12:45:24.126+0000] {local_task_job_runner.py:240} INFO - Task exited with return code 0
[2026-09-23T12:45:24.148+0000] {taskinstance.py:3503} INFO - 0 downstream tasks scheduled from follow-on schedule check
[2026-09-23T12:45:24.152+0000] {local_task_job_runner.py:222} INFO - ::endgroup::
